
> notebooklm-clone@1.0.0 build
> vite build

[36mvite v5.4.21 [32mbuilding for production...[36m[39m
transforming...
[vite:css] @import must precede all other statements (besides @charset or empty @layer)
5  |  @tailwind utilities;
6  |  
7  |  @import 'highlight.js/styles/github-dark.css';
   |  ^^^^^^^^^^^^^^^^^^^^^^^^^^^^^^^^^^^^^^^^^^^^^^
8  |  
9  |  :root {
[32m✓[39m 2282 modules transformed.
x Build failed in 6.95s
error during build:
src/pages/NotebookPage.jsx (12:16): "PanelGroup" is not exported by "node_modules/react-resizable-panels/dist/react-resizable-panels.js", imported by "src/pages/NotebookPage.jsx".
file: C:/Users/arthu/OneDrive/Documenten/3de jaar/chatapp/src/pages/NotebookPage.jsx:12:16

10: import { initializeGemini, generateResponse, generateSummary, generateFAQ, generateStudyGuide } from '../utils/gemini';
11: import { Sparkles, Key, GripVertical } from 'lucide-react';
12: import { Panel, PanelGroup, PanelResizeHandle } from 'react-resizable-panels';
                    ^
13: 
14: const NotebookPage = ({ theme, toggleTheme }) => {

    at getRollupError (file:///C:/Users/arthu/OneDrive/Documenten/3de%20jaar/chatapp/node_modules/rollup/dist/es/shared/parseAst.js:401:41)
    at error (file:///C:/Users/arthu/OneDrive/Documenten/3de%20jaar/chatapp/node_modules/rollup/dist/es/shared/parseAst.js:397:42)
    at Module.error (file:///C:/Users/arthu/OneDrive/Documenten/3de%20jaar/chatapp/node_modules/rollup/dist/es/shared/node-entry.js:17022:16)
    at Module.traceVariable (file:///C:/Users/arthu/OneDrive/Documenten/3de%20jaar/chatapp/node_modules/rollup/dist/es/shared/node-entry.js:17478:29)
    at ModuleScope.findVariable (file:///C:/Users/arthu/OneDrive/Documenten/3de%20jaar/chatapp/node_modules/rollup/dist/es/shared/node-entry.js:15141:39)
    at ReturnValueScope.findVariable (file:///C:/Users/arthu/OneDrive/Documenten/3de%20jaar/chatapp/node_modules/rollup/dist/es/shared/node-entry.js:5688:38)
    at FunctionBodyScope.findVariable (file:///C:/Users/arthu/OneDrive/Documenten/3de%20jaar/chatapp/node_modules/rollup/dist/es/shared/node-entry.js:5688:38)
    at Identifier.bind (file:///C:/Users/arthu/OneDrive/Documenten/3de%20jaar/chatapp/node_modules/rollup/dist/es/shared/node-entry.js:5462:40)
    at CallExpression.bind (file:///C:/Users/arthu/OneDrive/Documenten/3de%20jaar/chatapp/node_modules/rollup/dist/es/shared/node-entry.js:2825:28)
    at CallExpression.bind (file:///C:/Users/arthu/OneDrive/Documenten/3de%20jaar/chatapp/node_modules/rollup/dist/es/shared/node-entry.js:12172:15)
